// Jest Snapshot v1, https://goo.gl/fbAQLP

exports[`SearchBar matches the snapshot 1`] = `
<div>
  <div
    class="flex items-center w-full h-12 border border-gray-300 rounded shadow-md focus-within:ring focus-within:ring-blue-200"
  >
    <input
      class="flex-grow h-full p-4 focus:outline-none rounded"
      placeholder="Search"
      type="text"
      value=""
    />
  </div>
</div>
`;
